// Jest Snapshot v1, https://goo.gl/fbAQLP

exports[`<NavTabs> helloworld <NavTabs /> mount helloworld should work 1`] = `[Function]`;

exports[`<NavTabs> helloworld <NavTabs /> render helloworld should work 1`] = `[Function]`;

exports[`<NavTabs> helloworld <NavTabs /> shallow helloworld should work 1`] = `[Function]`;
