// Jest Snapshot v1, https://goo.gl/fbAQLP

exports[`<MiddleDividers> helloworld <MiddleDividers /> mount helloworld should work 1`] = `[Function]`;

exports[`<MiddleDividers> helloworld <MiddleDividers /> render helloworld should work 1`] = `[Function]`;

exports[`<MiddleDividers> helloworld <MiddleDividers /> shallow helloworld should work 1`] = `[Function]`;
