// Jest Snapshot v1, https://goo.gl/fbAQLP

exports[`test FocusOnSpecificElement tryout helloworld 1`] = `
Array [
  <button
    className="chakra-button css-taj3dd"
    onClick={[Function]}
    type="button"
  >
    Open Modal
  </button>,
  <button
    className="chakra-button css-pl35ay"
    type="button"
  >
    I'll receive focus on close
  </button>,
  <span />,
]
`;
