// Jest Snapshot v1, https://goo.gl/fbAQLP

exports[`<SimpleAccordion> helloworld <SimpleAccordion /> mount helloworld should work 1`] = `[Function]`;

exports[`<SimpleAccordion> helloworld <SimpleAccordion /> render helloworld should work 1`] = `[Function]`;

exports[`<SimpleAccordion> helloworld <SimpleAccordion /> shallow helloworld should work 1`] = `[Function]`;
