// Jest Snapshot v1, https://goo.gl/fbAQLP

exports[`<AutoGrid> helloworld <AutoGrid /> mount helloworld should work 1`] = `[Function]`;

exports[`<AutoGrid> helloworld <AutoGrid /> render helloworld should work 1`] = `[Function]`;

exports[`<AutoGrid> helloworld <AutoGrid /> shallow helloworld should work 1`] = `[Function]`;
