// Jest Snapshot v1, https://goo.gl/fbAQLP

exports[`<FormPropsTextFields> helloworld <FormPropsTextFields /> mount helloworld should work 1`] = `[Function]`;

exports[`<FormPropsTextFields> helloworld <FormPropsTextFields /> render helloworld should work 1`] = `[Function]`;

exports[`<FormPropsTextFields> helloworld <FormPropsTextFields /> shallow helloworld should work 1`] = `[Function]`;
