// Jest Snapshot v1, https://goo.gl/fbAQLP

exports[`<Checkboxes> helloworld <Checkboxes /> mount helloworld should work 1`] = `[Function]`;

exports[`<Checkboxes> helloworld <Checkboxes /> render helloworld should work 1`] = `[Function]`;

exports[`<Checkboxes> helloworld <Checkboxes /> shallow helloworld should work 1`] = `[Function]`;
