// Jest Snapshot v1, https://goo.gl/fbAQLP

exports[`<CircularIntegration> helloworld <CircularIntegration /> mount helloworld should work 1`] = `[Function]`;

exports[`<CircularIntegration> helloworld <CircularIntegration /> render helloworld should work 1`] = `[Function]`;

exports[`<CircularIntegration> helloworld <CircularIntegration /> shallow helloworld should work 1`] = `[Function]`;
