// Jest Snapshot v1, https://goo.gl/fbAQLP

exports[`test ListTryout tryout helloworld 1`] = `
Array [
  <div>
    ListTryout
    <div>
      TestUnorderedList 
      <ul
        className="css-tu0njr"
        role="list"
      >
        <li
          className="css-0"
        >
          Lorem ipsum dolor sit amet
        </li>
        <li
          className="css-0"
        >
          Consectetur adipiscing elit
        </li>
        <li
          className="css-0"
        >
          Integer molestie lorem at massa
        </li>
        <li
          className="css-0"
        >
          Facilisis in pretium nisl aliquet
        </li>
      </ul>
    </div>
    <div>
      TestOrderedList 
      <ol
        className="css-1dg6mvm"
        role="list"
      >
        <li
          className="css-0"
        >
          Lorem ipsum dolor sit amet
        </li>
        <li
          className="css-0"
        >
          Consectetur adipiscing elit
        </li>
        <li
          className="css-0"
        >
          Integer molestie lorem at massa
        </li>
        <li
          className="css-0"
        >
          Facilisis in pretium nisl aliquet
        </li>
      </ol>
    </div>
    <div>
      TestUnstyledListWithIcon 
      <ul
        className="css-1xa84ef"
        role="list"
      >
        <li
          className="css-0"
        >
          <svg
            className="chakra-icon css-5atgzs"
            fill="currentColor"
            focusable={false}
            height="1em"
            role="presentation"
            stroke="currentColor"
            strokeWidth="0"
            style={
              Object {
                "color": undefined,
              }
            }
            viewBox="0 0 24 24"
            width="1em"
            xmlns="http://www.w3.org/2000/svg"
          >
            <path
              d="M12 2C6.48 2 2 6.48 2 12s4.48 10 10 10 10-4.48 10-10S17.52 2 12 2zm-2 15l-5-5 1.41-1.41L10 14.17l7.59-7.59L19 8l-9 9z"
            />
          </svg>
          Lorem ipsum dolor sit amet, consectetur adipisicing elit
        </li>
        <li
          className="css-0"
        >
          <svg
            className="chakra-icon css-5atgzs"
            fill="currentColor"
            focusable={false}
            height="1em"
            role="presentation"
            stroke="currentColor"
            strokeWidth="0"
            style={
              Object {
                "color": undefined,
              }
            }
            viewBox="0 0 24 24"
            width="1em"
            xmlns="http://www.w3.org/2000/svg"
          >
            <path
              d="M12 2C6.48 2 2 6.48 2 12s4.48 10 10 10 10-4.48 10-10S17.52 2 12 2zm-2 15l-5-5 1.41-1.41L10 14.17l7.59-7.59L19 8l-9 9z"
            />
          </svg>
          Assumenda, quia temporibus eveniet a libero incidunt suscipit
        </li>
        <li
          className="css-0"
        >
          <svg
            className="chakra-icon css-5atgzs"
            fill="currentColor"
            focusable={false}
            height="1em"
            role="presentation"
            stroke="currentColor"
            strokeWidth="0"
            style={
              Object {
                "color": undefined,
              }
            }
            viewBox="0 0 24 24"
            width="1em"
            xmlns="http://www.w3.org/2000/svg"
          >
            <path
              d="M12 2C6.48 2 2 6.48 2 12s4.48 10 10 10 10-4.48 10-10S17.52 2 12 2zm-2 15l-5-5 1.41-1.41L10 14.17l7.59-7.59L19 8l-9 9z"
            />
          </svg>
          Quidem, ipsam illum quis sed voluptatum quae eum fugit earum
        </li>
        <li
          className="css-0"
        >
          <svg
            className="chakra-icon css-5atgzs"
            fill="currentColor"
            focusable={false}
            height="1em"
            role="presentation"
            stroke="currentColor"
            strokeWidth="0"
            style={
              Object {
                "color": undefined,
              }
            }
            viewBox="0 0 24 24"
            width="1em"
            xmlns="http://www.w3.org/2000/svg"
          >
            <path
              d="M19.43 12.98c.04-.32.07-.64.07-.98s-.03-.66-.07-.98l2.11-1.65c.19-.15.24-.42.12-.64l-2-3.46c-.12-.22-.39-.3-.61-.22l-2.49 1c-.52-.4-1.08-.73-1.69-.98l-.38-2.65C14.46 2.18 14.25 2 14 2h-4c-.25 0-.46.18-.49.42l-.38 2.65c-.61.25-1.17.59-1.69.98l-2.49-1c-.23-.09-.49 0-.61.22l-2 3.46c-.13.22-.07.49.12.64l2.11 1.65c-.04.32-.07.65-.07.98s.03.66.07.98l-2.11 1.65c-.19.15-.24.42-.12.64l2 3.46c.12.22.39.3.61.22l2.49-1c.52.4 1.08.73 1.69.98l.38 2.65c.03.24.24.42.49.42h4c.25 0 .46-.18.49-.42l.38-2.65c.61-.25 1.17-.59 1.69-.98l2.49 1c.23.09.49 0 .61-.22l2-3.46c.12-.22.07-.49-.12-.64l-2.11-1.65zM12 15.5c-1.93 0-3.5-1.57-3.5-3.5s1.57-3.5 3.5-3.5 3.5 1.57 3.5 3.5-1.57 3.5-3.5 3.5z"
            />
          </svg>
          Quidem, ipsam illum quis sed voluptatum quae eum fugit earum
        </li>
      </ul>
    </div>
  </div>,
  <span />,
]
`;
