// Jest Snapshot v1, https://goo.gl/fbAQLP

exports[`<BasicTable> helloworld <BasicTable /> mount helloworld should work 1`] = `[Function]`;

exports[`<BasicTable> helloworld <BasicTable /> render helloworld should work 1`] = `[Function]`;

exports[`<BasicTable> helloworld <BasicTable /> shallow helloworld should work 1`] = `[Function]`;
