// Jest Snapshot v1, https://goo.gl/fbAQLP

exports[`test SwitchTryout tryout helloworld 1`] = `
<div>
  SwitchTryout
  <div>
    Usage 
    <div
      className="chakra-form-control css-12sjb1l"
      role="group"
    >
      <label
        className="chakra-form__label css-1w9kk21"
        htmlFor="email-alerts"
        id="field-7514100582-1-label"
      >
        Enable email alerts?
      </label>
      <label
        className="chakra-switch css-r74jfy"
        onClick={[Function]}
      >
        <input
          checked={false}
          className="chakra-switch__input"
          id="email-alerts"
          onBlur={[Function]}
          onChange={[Function]}
          onFocus={[Function]}
          onKeyDown={[Function]}
          onKeyUp={[Function]}
          style={
            Object {
              "border": "0px",
              "clip": "rect(0px, 0px, 0px, 0px)",
              "height": "1px",
              "margin": "-1px",
              "overflow": "hidden",
              "padding": "0px",
              "position": "absolute",
              "whiteSpace": "nowrap",
              "width": "1px",
            }
          }
          type="checkbox"
        />
        <span
          aria-hidden={true}
          className="chakra-switch__track css-14qxnv8"
          onMouseDown={[Function]}
          onMouseEnter={[Function]}
          onMouseLeave={[Function]}
          onMouseUp={[Function]}
        >
          <span
            className="chakra-switch__thumb css-0"
          />
        </span>
      </label>
    </div>
  </div>
  <div>
    Sizes 
    <div
      className="chakra-stack css-84zodg"
    >
      <label
        className="chakra-switch css-r74jfy"
        onClick={[Function]}
      >
        <input
          checked={false}
          className="chakra-switch__input"
          onBlur={[Function]}
          onChange={[Function]}
          onFocus={[Function]}
          onKeyDown={[Function]}
          onKeyUp={[Function]}
          style={
            Object {
              "border": "0px",
              "clip": "rect(0px, 0px, 0px, 0px)",
              "height": "1px",
              "margin": "-1px",
              "overflow": "hidden",
              "padding": "0px",
              "position": "absolute",
              "whiteSpace": "nowrap",
              "width": "1px",
            }
          }
          type="checkbox"
        />
        <span
          aria-hidden={true}
          className="chakra-switch__track css-14qxnv8"
          onMouseDown={[Function]}
          onMouseEnter={[Function]}
          onMouseLeave={[Function]}
          onMouseUp={[Function]}
        >
          <span
            className="chakra-switch__thumb css-0"
          />
        </span>
      </label>
      <label
        className="chakra-switch css-r74jfy"
        onClick={[Function]}
      >
        <input
          checked={false}
          className="chakra-switch__input"
          onBlur={[Function]}
          onChange={[Function]}
          onFocus={[Function]}
          onKeyDown={[Function]}
          onKeyUp={[Function]}
          style={
            Object {
              "border": "0px",
              "clip": "rect(0px, 0px, 0px, 0px)",
              "height": "1px",
              "margin": "-1px",
              "overflow": "hidden",
              "padding": "0px",
              "position": "absolute",
              "whiteSpace": "nowrap",
              "width": "1px",
            }
          }
          type="checkbox"
        />
        <span
          aria-hidden={true}
          className="chakra-switch__track css-14qxnv8"
          onMouseDown={[Function]}
          onMouseEnter={[Function]}
          onMouseLeave={[Function]}
          onMouseUp={[Function]}
        >
          <span
            className="chakra-switch__thumb css-0"
          />
        </span>
      </label>
      <label
        className="chakra-switch css-r74jfy"
        onClick={[Function]}
      >
        <input
          checked={false}
          className="chakra-switch__input"
          onBlur={[Function]}
          onChange={[Function]}
          onFocus={[Function]}
          onKeyDown={[Function]}
          onKeyUp={[Function]}
          style={
            Object {
              "border": "0px",
              "clip": "rect(0px, 0px, 0px, 0px)",
              "height": "1px",
              "margin": "-1px",
              "overflow": "hidden",
              "padding": "0px",
              "position": "absolute",
              "whiteSpace": "nowrap",
              "width": "1px",
            }
          }
          type="checkbox"
        />
        <span
          aria-hidden={true}
          className="chakra-switch__track css-14qxnv8"
          onMouseDown={[Function]}
          onMouseEnter={[Function]}
          onMouseLeave={[Function]}
          onMouseUp={[Function]}
        >
          <span
            className="chakra-switch__thumb css-0"
          />
        </span>
      </label>
    </div>
  </div>
  <div>
    SwitchBackgroundColor 
    <div
      className="chakra-stack css-x9juev"
    >
      <label
        className="chakra-switch css-r74jfy"
        onClick={[Function]}
      >
        <input
          checked={false}
          className="chakra-switch__input"
          onBlur={[Function]}
          onChange={[Function]}
          onFocus={[Function]}
          onKeyDown={[Function]}
          onKeyUp={[Function]}
          style={
            Object {
              "border": "0px",
              "clip": "rect(0px, 0px, 0px, 0px)",
              "height": "1px",
              "margin": "-1px",
              "overflow": "hidden",
              "padding": "0px",
              "position": "absolute",
              "whiteSpace": "nowrap",
              "width": "1px",
            }
          }
          type="checkbox"
        />
        <span
          aria-hidden={true}
          className="chakra-switch__track css-14qxnv8"
          onMouseDown={[Function]}
          onMouseEnter={[Function]}
          onMouseLeave={[Function]}
          onMouseUp={[Function]}
        >
          <span
            className="chakra-switch__thumb css-0"
          />
        </span>
      </label>
      <label
        className="chakra-switch css-r74jfy"
        onClick={[Function]}
      >
        <input
          checked={false}
          className="chakra-switch__input"
          onBlur={[Function]}
          onChange={[Function]}
          onFocus={[Function]}
          onKeyDown={[Function]}
          onKeyUp={[Function]}
          style={
            Object {
              "border": "0px",
              "clip": "rect(0px, 0px, 0px, 0px)",
              "height": "1px",
              "margin": "-1px",
              "overflow": "hidden",
              "padding": "0px",
              "position": "absolute",
              "whiteSpace": "nowrap",
              "width": "1px",
            }
          }
          type="checkbox"
        />
        <span
          aria-hidden={true}
          className="chakra-switch__track css-14qxnv8"
          onMouseDown={[Function]}
          onMouseEnter={[Function]}
          onMouseLeave={[Function]}
          onMouseUp={[Function]}
        >
          <span
            className="chakra-switch__thumb css-0"
          />
        </span>
      </label>
    </div>
  </div>
</div>
`;
