// Jest Snapshot v1, https://goo.gl/fbAQLP

exports[`test badge tryout helloworld 1`] = `
<div>
  UseClipboardTryout
  <div>
    Usage 
    <div
      className="css-1jqq95v"
    >
      <input
        aria-readonly={true}
        className="chakra-input css-0"
        onBlur={[Function]}
        onFocus={[Function]}
        placeholder="Welcome"
        readOnly={true}
        value="Hello world"
      />
      <button
        className="chakra-button css-1s5vfmg"
        onClick={[Function]}
        type="button"
      >
        Copy
      </button>
    </div>
    <div
      className="chakra-editable css-0"
    >
      <span
        className="chakra-editable__preview css-rneatc"
        hidden={false}
        onFocus={[Function]}
        tabIndex={0}
      >
        Paste here
      </span>
      <input
        className="chakra-editable__input css-x0rexs"
        hidden={true}
        onBlur={[Function]}
        onChange={[Function]}
        onKeyDown={[Function]}
        placeholder="Paste here"
        value=""
      />
    </div>
  </div>
</div>
`;
