// Jest Snapshot v1, https://goo.gl/fbAQLP

exports[`<ColorTextFields> helloworld <ColorTextFields /> mount helloworld should work 1`] = `[Function]`;

exports[`<ColorTextFields> helloworld <ColorTextFields /> render helloworld should work 1`] = `[Function]`;

exports[`<ColorTextFields> helloworld <ColorTextFields /> shallow helloworld should work 1`] = `[Function]`;
