// Jest Snapshot v1, https://goo.gl/fbAQLP

exports[`renders learn react link 1`] = `"<div data-baseweb=\\"input\\" class=\\"\\"><div data-baseweb=\\"payment-card-input\\" class=\\"\\"><div class=\\"\\"><svg width=\\"32px\\" height=\\"32px\\" viewBox=\\"0 0 24 24\\" fill=\\"none\\" xmlns=\\"http://www.w3.org/2000/svg\\"><path d=\\"M23 4H1V20H23V4Z\\" fill=\\"#C9C9CD\\"></path><path d=\\"M6 15H3V16H6V15Z\\" fill=\\"#fff\\"></path><path d=\\"M11 15H8V16H11V15Z\\" fill=\\"#fff\\"></path><path d=\\"M16 15H13V16H16V15Z\\" fill=\\"#fff\\"></path><path d=\\"M21 15H18V16H21V15Z\\" fill=\\"#fff\\"></path><path d=\\"M21 6H16V10H21V6Z\\" fill=\\"#ABABB3\\"></path></svg></div><input aria-label=\\"Please enter a debit or credit card number.\\" aria-invalid=\\"false\\" aria-required=\\"false\\" autocomplete=\\"cc-number\\" inputmode=\\"numeric\\" name=\\"\\" placeholder=\\"Please enter your credit card number...\\" type=\\"text\\" class=\\"\\" value=\\"\\"></div></div>"`;
