// Jest Snapshot v1, https://goo.gl/fbAQLP

exports[`test Usage tryout helloworld 1`] = `
Array [
  <div
    className="chakra-stack css-n21gh5"
  >
    <div
      className="chakra-skeleton css-wg37dc"
    />
    <div
      className="chakra-skeleton css-wg37dc"
    />
    <div
      className="chakra-skeleton css-wg37dc"
    />
  </div>,
  <span />,
]
`;
