// Jest Snapshot v1, https://goo.gl/fbAQLP

exports[`test UsageWithRoutingLibrary tryout helloworld 1`] = `
Array [
  <nav
    aria-label="breadcrumb"
    className="chakra-breadcrumb css-0"
  >
    <ol
      className="chakra-breadcrumb__list css-0"
    >
      <li
        className="chakra-breadcrumb__list-item css-18biwo"
      >
        <a
          className="chakra-link chakra-breadcrumb__link css-1iyr0bg"
          to="#"
        >
          Home
        </a>
        <span
          className="css-t4q1nq"
          role="presentation"
        >
          /
        </span>
      </li>
      <li
        className="chakra-breadcrumb__list-item css-18biwo"
      >
        <a
          className="chakra-link chakra-breadcrumb__link css-1iyr0bg"
          to="#"
        >
          About
        </a>
        <span
          className="css-t4q1nq"
          role="presentation"
        >
          /
        </span>
      </li>
      <li
        className="chakra-breadcrumb__list-item css-18biwo"
      >
        <span
          aria-current="page"
          className="chakra-breadcrumb__link css-f4h6uy"
        >
          Contact
        </span>
      </li>
    </ol>
  </nav>,
  <span />,
]
`;
