// Jest Snapshot v1, https://goo.gl/fbAQLP

exports[`<CheckboxLabels> helloworld <CheckboxLabels /> mount helloworld should work 1`] = `[Function]`;

exports[`<CheckboxLabels> helloworld <CheckboxLabels /> render helloworld should work 1`] = `[Function]`;

exports[`<CheckboxLabels> helloworld <CheckboxLabels /> shallow helloworld should work 1`] = `[Function]`;
