// Jest Snapshot v1, https://goo.gl/fbAQLP

exports[`<TypographyMenu> helloworld <TypographyMenu /> mount helloworld should work 1`] = `[Function]`;

exports[`<TypographyMenu> helloworld <TypographyMenu /> render helloworld should work 1`] = `[Function]`;

exports[`<TypographyMenu> helloworld <TypographyMenu /> shallow helloworld should work 1`] = `[Function]`;
