// Jest Snapshot v1, https://goo.gl/fbAQLP

exports[`<BottomAppBar> helloworld <BottomAppBar /> mount helloworld should work 1`] = `[Function]`;

exports[`<BottomAppBar> helloworld <BottomAppBar /> render helloworld should work 1`] = `[Function]`;

exports[`<BottomAppBar> helloworld <BottomAppBar /> shallow helloworld should work 1`] = `[Function]`;
