// Jest Snapshot v1, https://goo.gl/fbAQLP

exports[`test AlertDialogTryout tryout helloworld 1`] = `
<div>
  AlertDialogTryout
  <div>
    <button
      className="chakra-button css-5c2176"
      onClick={[Function]}
      type="button"
    >
      Delete Customer
    </button>
  </div>
  <div>
    <button
      className="chakra-button css-5c2176"
      onClick={[Function]}
      type="button"
    >
      Discard
    </button>
  </div>
  <div>
     
  </div>
  <div>
     
  </div>
  <div>
     
  </div>
  <div>
     
  </div>
  <div>
     
  </div>
  <div>
     
  </div>
  <div>
     
  </div>
  <div>
     
  </div>
</div>
`;
