// Jest Snapshot v1, https://goo.gl/fbAQLP

exports[`<ControlledOpenSelect> helloworld <ControlledOpenSelect /> mount helloworld should work 1`] = `[Function]`;

exports[`<ControlledOpenSelect> helloworld <ControlledOpenSelect /> render helloworld should work 1`] = `[Function]`;

exports[`<ControlledOpenSelect> helloworld <ControlledOpenSelect /> shallow helloworld should work 1`] = `[Function]`;
