// Jest Snapshot v1, https://goo.gl/fbAQLP

exports[`<CustomizedSelects> helloworld <CustomizedSelects /> mount helloworld should work 1`] = `[Function]`;

exports[`<CustomizedSelects> helloworld <CustomizedSelects /> render helloworld should work 1`] = `[Function]`;

exports[`<CustomizedSelects> helloworld <CustomizedSelects /> shallow helloworld should work 1`] = `[Function]`;
