// Jest Snapshot v1, https://goo.gl/fbAQLP

exports[`<FakedReferencePopper> helloworld <FakedReferencePopper /> mount helloworld should work 1`] = `[Function]`;

exports[`<FakedReferencePopper> helloworld <FakedReferencePopper /> render helloworld should work 1`] = `[Function]`;

exports[`<FakedReferencePopper> helloworld <FakedReferencePopper /> shallow helloworld should work 1`] = `[Function]`;
