// Jest Snapshot v1, https://goo.gl/fbAQLP

exports[`<LayoutTextFields> helloworld <LayoutTextFields /> mount helloworld should work 1`] = `[Function]`;

exports[`<LayoutTextFields> helloworld <LayoutTextFields /> render helloworld should work 1`] = `[Function]`;

exports[`<LayoutTextFields> helloworld <LayoutTextFields /> shallow helloworld should work 1`] = `[Function]`;
