// Jest Snapshot v1, https://goo.gl/fbAQLP

exports[`<AcccessibleTable> helloworld <AcccessibleTable /> mount helloworld should work 1`] = `[Function]`;

exports[`<AcccessibleTable> helloworld <AcccessibleTable /> render helloworld should work 1`] = `[Function]`;

exports[`<AcccessibleTable> helloworld <AcccessibleTable /> shallow helloworld should work 1`] = `[Function]`;
