// Jest Snapshot v1, https://goo.gl/fbAQLP

exports[`<PrimarySearchAppBar> helloworld <PrimarySearchAppBar /> mount helloworld should work 1`] = `[Function]`;

exports[`<PrimarySearchAppBar> helloworld <PrimarySearchAppBar /> render helloworld should work 1`] = `[Function]`;

exports[`<PrimarySearchAppBar> helloworld <PrimarySearchAppBar /> shallow helloworld should work 1`] = `[Function]`;
