// Jest Snapshot v1, https://goo.gl/fbAQLP

exports[`test ImageTryout tryout helloworld 1`] = `
<div>
  ImageTryout
  <div>
    Usage 
    <div
      className="css-1r1v3mz"
    >
      <img
        alt="Segun Adebayo"
        className="chakra-image__placeholder css-0"
      />
    </div>
  </div>
  <div>
    Size 
    <div
      className="chakra-stack css-x9juev"
    >
      <img
        alt="Segun Adebayo"
        className="chakra-image__placeholder css-b471h5"
      />
      <img
        alt="Dan Abramov"
        className="chakra-image__placeholder css-82vs3h"
      />
      <img
        alt="Dan Abramov"
        className="chakra-image__placeholder css-cl5oj8"
      />
    </div>
  </div>
  <div>
    ImageWithBorderRadius 
    <img
      alt="Segun Adebayo"
      className="chakra-image__placeholder css-1oidk5m"
    />
  </div>
  <div>
    FallbackSupport 
    <img
      className="chakra-image__placeholder css-0"
      src="https://via.placeholder.com/150"
    />
  </div>
  <div>
    TestHelloworld05 
    TestHelloworld05
  </div>
  <div>
    TestHelloworld06 
    TestHelloworld06
  </div>
  <div>
    TestHelloworld07 
    TestHelloworld07
  </div>
  <div>
    TestHelloworld08 
    TestHelloworld08
  </div>
  <div>
    TestHelloworld09 
    TestHelloworld09
  </div>
  <div>
    TestHelloworld10 
    TestHelloworld10
  </div>
  <div>
    TestHelloworld11 
    TestHelloworld11
  </div>
  <div>
    TestHelloworld12 
    TestHelloworld12
  </div>
  <div>
    TestHelloworld13 
    TestHelloworld13
  </div>
  <div>
    TestHelloworld14 
    TestHelloworld14
  </div>
  <div>
    TestHelloworld15 
    TestHelloworld15
  </div>
  <div>
    TestHelloworld16 
    TestHelloworld16
  </div>
  <div>
    TestHelloworld17 
    TestHelloworld17
  </div>
  <div>
    TestHelloworld18 
    TestHelloworld18
  </div>
  <div>
    TestHelloworld19 
    TestHelloworld19
  </div>
  <div>
    TestHelloworld20 
    TestHelloworld20
  </div>
</div>
`;
