// Jest Snapshot v1, https://goo.gl/fbAQLP

exports[`src/components/CONTENT/List helloworld 1`] = `
Object {
  "asFragment": [Function],
  "baseElement": <body>
    <div>
      <li
        class=""
      >
        <div
          class=""
        >
          <svg
            class=""
            data-baseweb="icon"
            title="Check"
            viewBox="0 0 24 24"
          >
            <title>
              Check
            </title>
            <path
              clip-rule="evenodd"
              d="M17.6 7.20006C18.0418 7.53143 18.1314 8.15823 17.8 8.60006L11.8 16.6001C11.6261 16.832 11.3601 16.977 11.0709 16.9975C10.7817 17.0181 10.4979 16.9122 10.2929 16.7072L7.29289 13.7072C6.90237 13.3166 6.90237 12.6835 7.29289 12.293C7.68342 11.9024 8.31658 11.9024 8.70711 12.293L10.8918 14.4777L16.2 7.40006C16.5314 6.95823 17.1582 6.86869 17.6 7.20006Z"
              fill-rule="evenodd"
            />
          </svg>
        </div>
        <div
          class=""
        >
          <div>
            <p
              class=""
            >
              Label
            </p>
          </div>
          <div
            class=""
          >
            <div>
              <p
                class=""
              >
                End Enhancer
              </p>
            </div>
          </div>
        </div>
      </li>
    </div>
  </body>,
  "container": <div>
    <li
      class=""
    >
      <div
        class=""
      >
        <svg
          class=""
          data-baseweb="icon"
          title="Check"
          viewBox="0 0 24 24"
        >
          <title>
            Check
          </title>
          <path
            clip-rule="evenodd"
            d="M17.6 7.20006C18.0418 7.53143 18.1314 8.15823 17.8 8.60006L11.8 16.6001C11.6261 16.832 11.3601 16.977 11.0709 16.9975C10.7817 17.0181 10.4979 16.9122 10.2929 16.7072L7.29289 13.7072C6.90237 13.3166 6.90237 12.6835 7.29289 12.293C7.68342 11.9024 8.31658 11.9024 8.70711 12.293L10.8918 14.4777L16.2 7.40006C16.5314 6.95823 17.1582 6.86869 17.6 7.20006Z"
            fill-rule="evenodd"
          />
        </svg>
      </div>
      <div
        class=""
      >
        <div>
          <p
            class=""
          >
            Label
          </p>
        </div>
        <div
          class=""
        >
          <div>
            <p
              class=""
            >
              End Enhancer
            </p>
          </div>
        </div>
      </div>
    </li>
  </div>,
  "debug": [Function],
  "findAllByAltText": [Function],
  "findAllByDisplayValue": [Function],
  "findAllByLabelText": [Function],
  "findAllByPlaceholderText": [Function],
  "findAllByRole": [Function],
  "findAllByTestId": [Function],
  "findAllByText": [Function],
  "findAllByTitle": [Function],
  "findByAltText": [Function],
  "findByDisplayValue": [Function],
  "findByLabelText": [Function],
  "findByPlaceholderText": [Function],
  "findByRole": [Function],
  "findByTestId": [Function],
  "findByText": [Function],
  "findByTitle": [Function],
  "getAllByAltText": [Function],
  "getAllByDisplayValue": [Function],
  "getAllByLabelText": [Function],
  "getAllByPlaceholderText": [Function],
  "getAllByRole": [Function],
  "getAllByTestId": [Function],
  "getAllByText": [Function],
  "getAllByTitle": [Function],
  "getByAltText": [Function],
  "getByDisplayValue": [Function],
  "getByLabelText": [Function],
  "getByPlaceholderText": [Function],
  "getByRole": [Function],
  "getByTestId": [Function],
  "getByText": [Function],
  "getByTitle": [Function],
  "queryAllByAltText": [Function],
  "queryAllByDisplayValue": [Function],
  "queryAllByLabelText": [Function],
  "queryAllByPlaceholderText": [Function],
  "queryAllByRole": [Function],
  "queryAllByTestId": [Function],
  "queryAllByText": [Function],
  "queryAllByTitle": [Function],
  "queryByAltText": [Function],
  "queryByDisplayValue": [Function],
  "queryByLabelText": [Function],
  "queryByPlaceholderText": [Function],
  "queryByRole": [Function],
  "queryByTestId": [Function],
  "queryByText": [Function],
  "queryByTitle": [Function],
  "rerender": [Function],
  "unmount": [Function],
}
`;
