// Jest Snapshot v1, https://goo.gl/fbAQLP

exports[`mount src/layouts/DashboardLayout/index.js helloworld 1`] = `"<div class=\\"makeStyles-root-1\\"><header class=\\"MuiPaper-root MuiAppBar-root MuiAppBar-positionFixed MuiAppBar-colorPrimary makeStyles-root-5 mui-fixed MuiPaper-elevation0\\"><div class=\\"MuiToolbar-root MuiToolbar-regular MuiToolbar-gutters\\"><a href=\\"/\\"><img alt=\\"Logo\\" src=\\"/static/logo.svg\\"></a><div class=\\"MuiBox-root MuiBox-root-7\\"></div></div></header><div class=\\"makeStyles-wrapper-2\\"><div class=\\"makeStyles-contentContainer-3\\"><div class=\\"makeStyles-content-4\\"></div></div></div></div>"`;
