// Jest Snapshot v1, https://goo.gl/fbAQLP

exports[`<Facebook> helloworld <Facebook /> mount helloworld should work 1`] = `[Function]`;

exports[`<Facebook> helloworld <Facebook /> render helloworld should work 1`] = `[Function]`;

exports[`<Facebook> helloworld <Facebook /> shallow helloworld should work 1`] = `[Function]`;
