// Jest Snapshot v1, https://goo.gl/fbAQLP

exports[`test CenterTryout tryout helloworld 1`] = `
<div>
  CenterTryout
  <div>
    <div
      className="css-1f4kpne"
    >
      This is the Center
    </div>
  </div>
  <div>
    <div
      className="chakra-stack css-84zodg"
    >
      <div
        className="css-1gosyp4"
      />
      <div
        className="css-1gosyp4"
      >
        <span
          className="css-v9dupr"
        >
          1
        </span>
      </div>
    </div>
  </div>
  <div>
    <div
      className="chakra-stack css-84zodg"
    >
      <div
        className="css-1kc2j1u"
      />
      <div
        className="css-yh3vrj"
      />
    </div>
  </div>
  <div>
     
  </div>
  <div>
     
  </div>
  <div>
     
  </div>
  <div>
     
  </div>
  <div>
     
  </div>
  <div>
     
  </div>
  <div>
     
  </div>
</div>
`;
