// Jest Snapshot v1, https://goo.gl/fbAQLP

exports[`test BoxTryout tryout helloworld 1`] = `
<div>
  BoxTryout
  <div>
    <div
      className="css-1ra6sx4"
    >
      This is the Box
    </div>
  </div>
  <div>
    <button
      className="css-10js8ve"
    >
      Button
    </button>
  </div>
  <div />
  <div>
     
  </div>
  <div>
     
  </div>
  <div>
     
  </div>
  <div>
     
  </div>
  <div>
     
  </div>
  <div>
     
  </div>
  <div>
     
  </div>
</div>
`;
