// Jest Snapshot v1, https://goo.gl/fbAQLP

exports[`test PasswordInputExample tryout helloworld 1`] = `
Array [
  <div
    className="chakra-input__group css-4302v8"
  >
    <input
      className="chakra-input css-w3szeq"
      onBlur={[Function]}
      onFocus={[Function]}
      placeholder="Enter password"
      type="password"
    />
    <div
      className="chakra-input__right-element css-ohd79a"
      size="md"
    >
      <button
        className="chakra-button css-8vsvsi"
        onClick={[Function]}
        type="button"
      >
        Show
      </button>
    </div>
  </div>,
  <span />,
]
`;
