// Jest Snapshot v1, https://goo.gl/fbAQLP

exports[`<CustomizedHook> helloworld <CustomizedHook /> mount helloworld should work 1`] = `[Function]`;

exports[`<CustomizedHook> helloworld <CustomizedHook /> render helloworld should work 1`] = `[Function]`;

exports[`<CustomizedHook> helloworld <CustomizedHook /> shallow helloworld should work 1`] = `[Function]`;
