// Jest Snapshot v1, https://goo.gl/fbAQLP

exports[`<CollapsibleTable> helloworld <CollapsibleTable /> mount helloworld should work 1`] = `[Function]`;

exports[`<CollapsibleTable> helloworld <CollapsibleTable /> render helloworld should work 1`] = `[Function]`;

exports[`<CollapsibleTable> helloworld <CollapsibleTable /> shallow helloworld should work 1`] = `[Function]`;
