// Jest Snapshot v1, https://goo.gl/fbAQLP

exports[`test CustomizingTheSlider tryout helloworld 1`] = `
Array [
  <div
    className="chakra-slider css-17m87zz"
    style={
      Object {
        "WebkitTapHighlightColor": "rgba(0,0,0,0)",
        "outline": 0,
        "paddingBottom": 0,
        "paddingTop": 0,
        "position": "relative",
        "touchAction": "none",
        "userSelect": "none",
      }
    }
    tabIndex={-1}
  >
    <div
      className="chakra-slider__track css-1wqen40"
      id="slider-track-1"
      style={
        Object {
          "position": "absolute",
          "top": "50%",
          "transform": "translateY(-50%)",
          "width": "100%",
        }
      }
    >
      <div
        className="chakra-slider__filled-track css-lbpcfc"
        style={
          Object {
            "left": 0,
            "position": "absolute",
            "top": "50%",
            "transform": "translateY(-50%)",
            "width": "30%",
          }
        }
      />
    </div>
    <div
      aria-label="slider-ex-4"
      aria-orientation="horizontal"
      aria-valuemax={100}
      aria-valuemin={0}
      aria-valuenow={30}
      className="chakra-slider__thumb css-x2kc4e"
      id="slider-thumb-1"
      onBlur={[Function]}
      onFocus={[Function]}
      onKeyDown={[Function]}
      role="slider"
      style={
        Object {
          "MozUserSelect": "none",
          "WebkitUserSelect": "none",
          "left": "calc(30% - 0px)",
          "msUserSelect": "none",
          "position": "absolute",
          "touchAction": "none",
          "userSelect": "none",
        }
      }
      tabIndex={0}
    >
      <svg
        className="css-tq928n"
        fill="currentColor"
        height="1em"
        stroke="currentColor"
        strokeWidth="0"
        style={
          Object {
            "color": undefined,
          }
        }
        viewBox="0 0 24 24"
        width="1em"
        xmlns="http://www.w3.org/2000/svg"
      >
        <path
          d="M7 18h2V6H7v12zm4 4h2V2h-2v20zm-8-8h2v-4H3v4zm12 4h2V6h-2v12zm4-8v4h2v-4h-2z"
        />
      </svg>
    </div>
    <input
      type="hidden"
      value={30}
    />
  </div>,
  <span />,
]
`;
