// Jest Snapshot v1, https://goo.gl/fbAQLP

exports[`renders learn react link 1`] = `"<ol data-baseweb=\\"progress-steps\\" class=\\"\\"><li class=\\"\\"><div class=\\"\\"><div class=\\"\\"><div class=\\"\\"></div></div></div><div class=\\"\\"></div><div class=\\"\\"><div class=\\"\\">Verify Address</div><div class=\\"\\"><p>Address on file: 1455 Market Street</p><button data-baseweb=\\"button\\" class=\\"\\">Next</button></div></div></li><li class=\\"\\"><div class=\\"\\"><div class=\\"\\"></div></div><div class=\\"\\"><div class=\\"\\">Verify Payment</div><div class=\\"\\"></div></div></li></ol>"`;
