// Jest Snapshot v1, https://goo.gl/fbAQLP

exports[`<BadgeMax> helloworld <BadgeMax /> mount helloworld should work 1`] = `[Function]`;

exports[`<BadgeMax> helloworld <BadgeMax /> render helloworld should work 1`] = `[Function]`;

exports[`<BadgeMax> helloworld <BadgeMax /> shallow helloworld should work 1`] = `[Function]`;
