// Jest Snapshot v1, https://goo.gl/fbAQLP

exports[`test IndeterminateProgress tryout helloworld 1`] = `
Array [
  <div
    aria-valuemax={100}
    aria-valuemin={0}
    className="chakra-progress css-120wkjd"
    data-indeterminate=""
    role="progressbar"
  >
    <svg
      className="css-jf70f3"
      viewBox="0 0 100 100"
    >
      <circle
        className="chakra-progress__track css-ol3i12"
        cx={50}
        cy={50}
        r={42}
        strokeWidth="10px"
      />
      <circle
        className="chakra-progress__indicator css-1o7wxoj"
        cx={50}
        cy={50}
        r={42}
        strokeWidth="10px"
      />
    </svg>
  </div>,
  <span />,
]
`;
