// Jest Snapshot v1, https://goo.gl/fbAQLP

exports[`<Virtualize> helloworld <Virtualize /> mount helloworld should work 1`] = `[Function]`;

exports[`<Virtualize> helloworld <Virtualize /> render helloworld should work 1`] = `[Function]`;

exports[`<Virtualize> helloworld <Virtualize /> shallow helloworld should work 1`] = `[Function]`;
