// Jest Snapshot v1, https://goo.gl/fbAQLP

exports[`<SpacingGrid> helloworld <SpacingGrid /> mount helloworld should work 1`] = `[Function]`;

exports[`<SpacingGrid> helloworld <SpacingGrid /> render helloworld should work 1`] = `[Function]`;

exports[`<SpacingGrid> helloworld <SpacingGrid /> shallow helloworld should work 1`] = `[Function]`;
