// Jest Snapshot v1, https://goo.gl/fbAQLP

exports[`<PersistentDrawerRight> helloworld <PersistentDrawerRight /> mount helloworld should work 1`] = `[Function]`;

exports[`<PersistentDrawerRight> helloworld <PersistentDrawerRight /> render helloworld should work 1`] = `[Function]`;

exports[`<PersistentDrawerRight> helloworld <PersistentDrawerRight /> shallow helloworld should work 1`] = `[Function]`;
