// Jest Snapshot v1, https://goo.gl/fbAQLP

exports[`<GroupOrientation> helloworld <GroupOrientation /> mount helloworld should work 1`] = `[Function]`;

exports[`<GroupOrientation> helloworld <GroupOrientation /> render helloworld should work 1`] = `[Function]`;

exports[`<GroupOrientation> helloworld <GroupOrientation /> shallow helloworld should work 1`] = `[Function]`;
