// Jest Snapshot v1, https://goo.gl/fbAQLP

exports[`<PaginationButtons> helloworld <PaginationButtons /> mount helloworld should work 1`] = `[Function]`;

exports[`<PaginationButtons> helloworld <PaginationButtons /> render helloworld should work 1`] = `[Function]`;

exports[`<PaginationButtons> helloworld <PaginationButtons /> shallow helloworld should work 1`] = `[Function]`;
