// Jest Snapshot v1, https://goo.gl/fbAQLP

exports[`<PositionedTooltips> helloworld <PositionedTooltips /> mount helloworld should work 1`] = `[Function]`;

exports[`<PositionedTooltips> helloworld <PositionedTooltips /> render helloworld should work 1`] = `[Function]`;

exports[`<PositionedTooltips> helloworld <PositionedTooltips /> shallow helloworld should work 1`] = `[Function]`;
