// Jest Snapshot v1, https://goo.gl/fbAQLP

exports[`test UsingAnIconAsTheSeparator tryout helloworld 1`] = `
Array [
  <nav
    aria-label="breadcrumb"
    className="chakra-breadcrumb css-0"
  >
    <ol
      className="chakra-breadcrumb__list css-0"
    >
      <li
        className="chakra-breadcrumb__list-item css-18biwo"
      >
        <a
          className="chakra-breadcrumb__link css-f4h6uy"
          href="#"
        >
          Home
        </a>
        <span
          className="css-syhbcg"
          role="presentation"
        >
          <svg
            className="chakra-icon css-13izzit"
            focusable={false}
            viewBox="0 0 24 24"
          >
            <path
              d="M10 6L8.59 7.41 13.17 12l-4.58 4.59L10 18l6-6z"
              fill="currentColor"
            />
          </svg>
        </span>
      </li>
      <li
        className="chakra-breadcrumb__list-item css-18biwo"
      >
        <a
          className="chakra-breadcrumb__link css-f4h6uy"
          href="#"
        >
          About
        </a>
        <span
          className="css-syhbcg"
          role="presentation"
        >
          <svg
            className="chakra-icon css-13izzit"
            focusable={false}
            viewBox="0 0 24 24"
          >
            <path
              d="M10 6L8.59 7.41 13.17 12l-4.58 4.59L10 18l6-6z"
              fill="currentColor"
            />
          </svg>
        </span>
      </li>
      <li
        className="chakra-breadcrumb__list-item css-18biwo"
      >
        <span
          aria-current="page"
          className="chakra-breadcrumb__link css-f4h6uy"
          href="#"
        >
          Contact
        </span>
      </li>
    </ol>
  </nav>,
  <span />,
]
`;
