// Jest Snapshot v1, https://goo.gl/fbAQLP

exports[`test CodeTryout tryout helloworld 1`] = `
<div>
  CodeTryout
  <div>
    Usage 
    <code
      className="chakra-code css-1baulvz"
    >
      Hello world
    </code>
  </div>
  <div>
    Colors 
    <div
      className="chakra-stack css-x9juev"
    >
      <code
        className="chakra-code css-1baulvz"
      >
        console.log(welcome)
      </code>
      <code
        className="chakra-code css-1baulvz"
      >
        var chakra = 'awesome!'
      </code>
      <code
        className="chakra-code css-1baulvz"
      >
        npm install chakra
      </code>
    </div>
  </div>
</div>
`;
