// Jest Snapshot v1, https://goo.gl/fbAQLP

exports[`renders learn react link 1`] = `"<div role=\\"radiogroup\\" class=\\"\\"><label data-baseweb=\\"radio\\" class=\\"\\"><div class=\\"\\"><div class=\\"\\"></div></div><input name=\\"number\\" tabindex=\\"-1\\" type=\\"radio\\" class=\\"\\" value=\\"1\\"><div class=\\"\\">One</div></label><label data-baseweb=\\"radio\\" class=\\"\\"><div class=\\"\\"><div class=\\"\\"></div></div><input name=\\"number\\" tabindex=\\"0\\" type=\\"radio\\" class=\\"\\" value=\\"2\\" checked=\\"\\"><div class=\\"\\">Two</div></label><div class=\\"\\">This is a radio description</div><label data-baseweb=\\"radio\\" class=\\"\\"><div class=\\"\\"><div class=\\"\\"></div></div><input name=\\"number\\" tabindex=\\"-1\\" type=\\"radio\\" class=\\"\\" value=\\"3\\"><div class=\\"\\">Three</div></label></div>"`;
