// Jest Snapshot v1, https://goo.gl/fbAQLP

exports[`<SpeedDials> helloworld <SpeedDials /> mount helloworld should work 1`] = `[Function]`;

exports[`<SpeedDials> helloworld <SpeedDials /> render helloworld should work 1`] = `[Function]`;

exports[`<SpeedDials> helloworld <SpeedDials /> shallow helloworld should work 1`] = `[Function]`;
