// Jest Snapshot v1, https://goo.gl/fbAQLP

exports[`<BasicTimeline> helloworld <BasicTimeline /> mount helloworld should work 1`] = `[Function]`;

exports[`<BasicTimeline> helloworld <BasicTimeline /> render helloworld should work 1`] = `[Function]`;

exports[`<BasicTimeline> helloworld <BasicTimeline /> shallow helloworld should work 1`] = `[Function]`;
