// Jest Snapshot v1, https://goo.gl/fbAQLP

exports[`test MenuTryout tryout helloworld 1`] = `
Array [
  <div>
    MenuTryout
    <div>
      <button
        aria-controls="menu-list-2"
        aria-expanded={false}
        aria-haspopup="menu"
        className="chakra-button chakra-menu__menu-button css-taj3dd"
        id="menu-button-2"
        onClick={[Function]}
        onKeyDown={[Function]}
        type="button"
      >
        <span
          className="css-xl71ch"
        >
          Actions
        </span>
        <span
          className="chakra-button__icon css-1hzyiq5"
        >
          <svg
            aria-hidden={true}
            className="chakra-icon css-onkibi"
            focusable={false}
            viewBox="0 0 24 24"
          >
            <path
              d="M16.59 8.59L12 13.17 7.41 8.59 6 10l6 6 6-6z"
              fill="currentColor"
            />
          </svg>
        </span>
      </button>
      <div
        className="css-r6z5ec"
        style={
          Object {
            "inset": "0 auto auto 0",
            "minWidth": "max-content",
            "position": "absolute",
            "visibility": "hidden",
          }
        }
      >
        <div
          aria-orientation="vertical"
          className="chakra-menu__menu-list css-1ozmk1d"
          id="menu-list-2"
          onKeyDown={[Function]}
          role="menu"
          style={
            Object {
              "opacity": 0,
              "transform": "scale(0.8) translateZ(0)",
              "transformOrigin": "var(--popper-transform-origin)",
              "visibility": "hidden",
            }
          }
          tabIndex={-1}
        >
          <button
            className="chakra-menu__menuitem css-13c7rae"
            id="menu-list-2-menuitem-3"
            onClick={[Function]}
            onMouseEnter={[Function]}
            onMouseLeave={[Function]}
            onMouseMove={[Function]}
            role="menuitem"
            tabIndex={0}
            type="button"
          >
            Download
          </button>
          <button
            className="chakra-menu__menuitem css-13c7rae"
            id="menu-list-2-menuitem-4"
            onClick={[Function]}
            onMouseEnter={[Function]}
            onMouseLeave={[Function]}
            onMouseMove={[Function]}
            role="menuitem"
            tabIndex={0}
            type="button"
          >
            Create a Copy
          </button>
          <button
            className="chakra-menu__menuitem css-13c7rae"
            id="menu-list-2-menuitem-5"
            onClick={[Function]}
            onMouseEnter={[Function]}
            onMouseLeave={[Function]}
            onMouseMove={[Function]}
            role="menuitem"
            tabIndex={0}
            type="button"
          >
            Mark as Draft
          </button>
          <button
            className="chakra-menu__menuitem css-13c7rae"
            id="menu-list-2-menuitem-6"
            onClick={[Function]}
            onMouseEnter={[Function]}
            onMouseLeave={[Function]}
            onMouseMove={[Function]}
            role="menuitem"
            tabIndex={0}
            type="button"
          >
            Delete
          </button>
          <button
            className="chakra-menu__menuitem css-13c7rae"
            id="menu-list-2-menuitem-7"
            onClick={[Function]}
            onMouseEnter={[Function]}
            onMouseLeave={[Function]}
            onMouseMove={[Function]}
            role="menuitem"
            tabIndex={0}
            type="button"
          >
            Attend a Workshop
          </button>
        </div>
      </div>
    </div>
    <div>
      <button
        aria-controls="menu-list-9"
        aria-expanded={false}
        aria-haspopup="menu"
        className="chakra-button chakra-menu__menu-button css-taj3dd"
        id="menu-button-9"
        onClick={[Function]}
        onKeyDown={[Function]}
        type="button"
      >
        <span
          className="css-xl71ch"
        >
          Open
        </span>
        <span
          className="chakra-button__icon css-1hzyiq5"
        >
          <svg
            aria-hidden={true}
            className="chakra-icon css-onkibi"
            focusable={false}
            viewBox="0 0 24 24"
          >
            <path
              d="M16.59 8.59L12 13.17 7.41 8.59 6 10l6 6 6-6z"
              fill="currentColor"
            />
          </svg>
        </span>
      </button>
      <div
        className="css-r6z5ec"
        style={
          Object {
            "inset": "0 auto auto 0",
            "minWidth": "max-content",
            "position": "absolute",
            "visibility": "hidden",
          }
        }
      >
        <div
          aria-orientation="vertical"
          className="chakra-menu__menu-list css-1ozmk1d"
          id="menu-list-9"
          onKeyDown={[Function]}
          role="menu"
          style={
            Object {
              "opacity": 0,
              "transform": "scale(0.8) translateZ(0)",
              "transformOrigin": "var(--popper-transform-origin)",
              "visibility": "hidden",
            }
          }
          tabIndex={-1}
        >
          <button
            className="chakra-menu__menuitem css-13c7rae"
            id="menu-list-9-menuitem-10"
            onClick={[Function]}
            onMouseEnter={[Function]}
            onMouseLeave={[Function]}
            onMouseMove={[Function]}
            role="menuitem"
            tabIndex={0}
            type="button"
          >
            Download
          </button>
          <button
            className="chakra-menu__menuitem css-13c7rae"
            id="menu-list-9-menuitem-11"
            onClick={[Function]}
            onMouseEnter={[Function]}
            onMouseLeave={[Function]}
            onMouseMove={[Function]}
            role="menuitem"
            tabIndex={0}
            type="button"
          >
            Create a Copy
          </button>
        </div>
      </div>
    </div>
    <div>
      <button
        aria-controls="menu-list-13"
        aria-expanded={false}
        aria-haspopup="menu"
        className="chakra-menu__menu-button css-az9q02"
        id="menu-button-13"
        onClick={[Function]}
        onKeyDown={[Function]}
      >
        <span
          className="css-xl71ch"
        >
          File 
          <svg
            className="chakra-icon css-onkibi"
            focusable={false}
            viewBox="0 0 24 24"
          >
            <path
              d="M16.59 8.59L12 13.17 7.41 8.59 6 10l6 6 6-6z"
              fill="currentColor"
            />
          </svg>
        </span>
      </button>
      <div
        className="css-r6z5ec"
        style={
          Object {
            "inset": "0 auto auto 0",
            "minWidth": "max-content",
            "position": "absolute",
            "visibility": "hidden",
          }
        }
      >
        <div
          aria-orientation="vertical"
          className="chakra-menu__menu-list css-1ozmk1d"
          id="menu-list-13"
          onKeyDown={[Function]}
          role="menu"
          style={
            Object {
              "opacity": 0,
              "transform": "scale(0.8) translateZ(0)",
              "transformOrigin": "var(--popper-transform-origin)",
              "visibility": "hidden",
            }
          }
          tabIndex={-1}
        >
          <button
            className="chakra-menu__menuitem css-13c7rae"
            id="menu-list-13-menuitem-14"
            onClick={[Function]}
            onMouseEnter={[Function]}
            onMouseLeave={[Function]}
            onMouseMove={[Function]}
            role="menuitem"
            tabIndex={0}
            type="button"
          >
            New File
          </button>
          <button
            className="chakra-menu__menuitem css-13c7rae"
            id="menu-list-13-menuitem-15"
            onClick={[Function]}
            onMouseEnter={[Function]}
            onMouseLeave={[Function]}
            onMouseMove={[Function]}
            role="menuitem"
            tabIndex={0}
            type="button"
          >
            New Window
          </button>
          <hr
            aria-orientation="horizontal"
            className="chakra-menu__divider css-vfkdr8"
            role="separator"
          />
          <button
            className="chakra-menu__menuitem css-13c7rae"
            id="menu-list-13-menuitem-16"
            onClick={[Function]}
            onMouseEnter={[Function]}
            onMouseLeave={[Function]}
            onMouseMove={[Function]}
            role="menuitem"
            tabIndex={0}
            type="button"
          >
            Open...
          </button>
          <button
            className="chakra-menu__menuitem css-13c7rae"
            id="menu-list-13-menuitem-17"
            onClick={[Function]}
            onMouseEnter={[Function]}
            onMouseLeave={[Function]}
            onMouseMove={[Function]}
            role="menuitem"
            tabIndex={0}
            type="button"
          >
            Save File
          </button>
        </div>
      </div>
    </div>
    <div>
      <button
        aria-controls="menu-list-19"
        aria-expanded={false}
        aria-haspopup="menu"
        className="chakra-button chakra-menu__menu-button css-taj3dd"
        id="menu-button-19"
        onClick={[Function]}
        onKeyDown={[Function]}
        type="button"
      >
        <span
          className="css-xl71ch"
        >
          Your Cats
        </span>
        <span
          className="chakra-button__icon css-1hzyiq5"
        >
          <svg
            aria-hidden={true}
            className="chakra-icon css-onkibi"
            focusable={false}
            viewBox="0 0 24 24"
          >
            <path
              d="M16.59 8.59L12 13.17 7.41 8.59 6 10l6 6 6-6z"
              fill="currentColor"
            />
          </svg>
        </span>
      </button>
      <div
        className="css-r6z5ec"
        style={
          Object {
            "inset": "0 auto auto 0",
            "minWidth": "max-content",
            "position": "absolute",
            "visibility": "hidden",
          }
        }
      >
        <div
          aria-orientation="vertical"
          className="chakra-menu__menu-list css-1ozmk1d"
          id="menu-list-19"
          onKeyDown={[Function]}
          role="menu"
          style={
            Object {
              "opacity": 0,
              "transform": "scale(0.8) translateZ(0)",
              "transformOrigin": "var(--popper-transform-origin)",
              "visibility": "hidden",
            }
          }
          tabIndex={-1}
        >
          <button
            className="chakra-menu__menuitem css-e5ke40"
            id="menu-list-19-menuitem-20"
            onClick={[Function]}
            onMouseEnter={[Function]}
            onMouseLeave={[Function]}
            onMouseMove={[Function]}
            role="menuitem"
            tabIndex={0}
            type="button"
          >
            <img
              alt="Fluffybuns the destroyer"
              className="chakra-image__placeholder css-cmmiq2"
            />
            <span>
              Fluffybuns the Destroyer
            </span>
          </button>
          <button
            className="chakra-menu__menuitem css-1e1hdn9"
            id="menu-list-19-menuitem-21"
            onClick={[Function]}
            onMouseEnter={[Function]}
            onMouseLeave={[Function]}
            onMouseMove={[Function]}
            role="menuitem"
            tabIndex={0}
            type="button"
          >
            <img
              alt="Simon the pensive"
              className="chakra-image__placeholder css-cmmiq2"
            />
            <span>
              Simon the pensive
            </span>
          </button>
        </div>
      </div>
    </div>
    <div>
      <button
        aria-controls="menu-list-23"
        aria-expanded={false}
        aria-haspopup="menu"
        className="chakra-menu__menu-button css-kjvu41"
        id="menu-button-23"
        onClick={[Function]}
        onKeyDown={[Function]}
      >
        <span
          className="css-xl71ch"
        >
          Open menu
        </span>
      </button>
      <div
        className="css-r6z5ec"
        style={
          Object {
            "inset": "0 auto auto 0",
            "minWidth": "max-content",
            "position": "absolute",
            "visibility": "hidden",
          }
        }
      >
        <div
          aria-orientation="vertical"
          className="chakra-menu__menu-list css-1ozmk1d"
          id="menu-list-23"
          onKeyDown={[Function]}
          role="menu"
          style={
            Object {
              "opacity": 0,
              "transform": "scale(0.8) translateZ(0)",
              "transformOrigin": "var(--popper-transform-origin)",
              "visibility": "hidden",
            }
          }
          tabIndex={-1}
        />
      </div>
    </div>
    <div>
      <div>
        RenderingMenuInAPortal
      </div>
      <button
        aria-controls="menu-list-25"
        aria-expanded={false}
        aria-haspopup="menu"
        className="chakra-menu__menu-button css-kjvu41"
        id="menu-button-25"
        onClick={[Function]}
        onKeyDown={[Function]}
      >
        <span
          className="css-xl71ch"
        >
          Open menu
        </span>
      </button>
      <span />
    </div>
    <div>
      <div>
        MenuGroupExample
      </div>
      <button
        aria-controls="menu-list-27"
        aria-expanded={false}
        aria-haspopup="menu"
        className="chakra-button chakra-menu__menu-button css-dnelfq"
        id="menu-button-27"
        onClick={[Function]}
        onKeyDown={[Function]}
        type="button"
      >
        <span
          className="css-xl71ch"
        >
          Profile
        </span>
      </button>
      <div
        className="css-r6z5ec"
        style={
          Object {
            "inset": "0 auto auto 0",
            "minWidth": "max-content",
            "position": "absolute",
            "visibility": "hidden",
          }
        }
      >
        <div
          aria-orientation="vertical"
          className="chakra-menu__menu-list css-1ozmk1d"
          id="menu-list-27"
          onKeyDown={[Function]}
          role="menu"
          style={
            Object {
              "opacity": 0,
              "transform": "scale(0.8) translateZ(0)",
              "transformOrigin": "var(--popper-transform-origin)",
              "visibility": "hidden",
            }
          }
          tabIndex={-1}
        >
          <div
            className="chakra-menu__group"
            role="group"
          >
            <p
              className="chakra-menu__group__title css-hunt27"
            >
              Profile
            </p>
            <button
              className="chakra-menu__menuitem css-13c7rae"
              id="menu-list-27-menuitem-28"
              onClick={[Function]}
              onMouseEnter={[Function]}
              onMouseLeave={[Function]}
              onMouseMove={[Function]}
              role="menuitem"
              tabIndex={0}
              type="button"
            >
              My Account
            </button>
            <button
              className="chakra-menu__menuitem css-13c7rae"
              id="menu-list-27-menuitem-29"
              onClick={[Function]}
              onMouseEnter={[Function]}
              onMouseLeave={[Function]}
              onMouseMove={[Function]}
              role="menuitem"
              tabIndex={0}
              type="button"
            >
              Payments 
            </button>
          </div>
          <hr
            aria-orientation="horizontal"
            className="chakra-menu__divider css-vfkdr8"
            role="separator"
          />
          <div
            className="chakra-menu__group"
            role="group"
          >
            <p
              className="chakra-menu__group__title css-hunt27"
            >
              Help
            </p>
            <button
              className="chakra-menu__menuitem css-13c7rae"
              id="menu-list-27-menuitem-30"
              onClick={[Function]}
              onMouseEnter={[Function]}
              onMouseLeave={[Function]}
              onMouseMove={[Function]}
              role="menuitem"
              tabIndex={0}
              type="button"
            >
              Docs
            </button>
            <button
              className="chakra-menu__menuitem css-13c7rae"
              id="menu-list-27-menuitem-31"
              onClick={[Function]}
              onMouseEnter={[Function]}
              onMouseLeave={[Function]}
              onMouseMove={[Function]}
              role="menuitem"
              tabIndex={0}
              type="button"
            >
              FAQ
            </button>
          </div>
        </div>
      </div>
    </div>
    <div>
      MenuOptionGroups
      <button
        aria-controls="menu-list-33"
        aria-expanded={false}
        aria-haspopup="menu"
        className="chakra-button chakra-menu__menu-button css-8pcd7y"
        id="menu-button-33"
        onClick={[Function]}
        onKeyDown={[Function]}
        type="button"
      >
        <span
          className="css-xl71ch"
        >
          MenuItem
        </span>
      </button>
      <div
        className="css-r6z5ec"
        style={
          Object {
            "inset": "0 auto auto 0",
            "minWidth": "max-content",
            "position": "absolute",
            "visibility": "hidden",
          }
        }
      >
        <div
          aria-orientation="vertical"
          className="chakra-menu__menu-list css-enf65v"
          id="menu-list-33"
          onKeyDown={[Function]}
          role="menu"
          style={
            Object {
              "opacity": 0,
              "transform": "scale(0.8) translateZ(0)",
              "transformOrigin": "var(--popper-transform-origin)",
              "visibility": "hidden",
            }
          }
          tabIndex={-1}
        >
          <div
            className="chakra-menu__group"
            role="group"
          >
            <p
              className="chakra-menu__group__title chakra-menu__option-group css-hunt27"
            >
              Order
            </p>
            <button
              aria-checked={true}
              className="chakra-menu__menuitem-option css-13c7rae"
              id="menu-list-33-menuitem-34"
              onClick={[Function]}
              onMouseEnter={[Function]}
              onMouseLeave={[Function]}
              onMouseMove={[Function]}
              role="menuitemradio"
              tabIndex={0}
              type="button"
              value="asc"
            >
              <span
                className="chakra-menu__icon-wrapper css-usinoq"
              >
                <svg
                  aria-hidden={true}
                  className="chakra-menu__icon"
                  focusable="false"
                  height="1em"
                  viewBox="0 0 14 14"
                  width="1em"
                >
                  <polygon
                    fill="currentColor"
                    points="5.5 11.9993304 14 3.49933039 12.5 2 5.5 8.99933039 1.5 4.9968652 0 6.49933039"
                  />
                </svg>
              </span>
              <span
                style={
                  Object {
                    "flex": 1,
                  }
                }
              >
                Ascending
              </span>
            </button>
            <button
              aria-checked={false}
              className="chakra-menu__menuitem-option css-13c7rae"
              id="menu-list-33-menuitem-35"
              onClick={[Function]}
              onMouseEnter={[Function]}
              onMouseLeave={[Function]}
              onMouseMove={[Function]}
              role="menuitemradio"
              tabIndex={0}
              type="button"
              value="desc"
            >
              <span
                className="chakra-menu__icon-wrapper css-g5m2dj"
              >
                <svg
                  aria-hidden={true}
                  className="chakra-menu__icon"
                  focusable="false"
                  height="1em"
                  viewBox="0 0 14 14"
                  width="1em"
                >
                  <polygon
                    fill="currentColor"
                    points="5.5 11.9993304 14 3.49933039 12.5 2 5.5 8.99933039 1.5 4.9968652 0 6.49933039"
                  />
                </svg>
              </span>
              <span
                style={
                  Object {
                    "flex": 1,
                  }
                }
              >
                Descending
              </span>
            </button>
          </div>
          <hr
            aria-orientation="horizontal"
            className="chakra-menu__divider css-vfkdr8"
            role="separator"
          />
          <div
            className="chakra-menu__group"
            role="group"
          >
            <p
              className="chakra-menu__group__title chakra-menu__option-group css-hunt27"
            >
              Country
            </p>
            <button
              aria-checked={false}
              className="chakra-menu__menuitem-option css-13c7rae"
              id="menu-list-33-menuitem-36"
              onClick={[Function]}
              onMouseEnter={[Function]}
              onMouseLeave={[Function]}
              onMouseMove={[Function]}
              role="menuitemcheckbox"
              tabIndex={0}
              type="button"
              value="email"
            >
              <span
                className="chakra-menu__icon-wrapper css-g5m2dj"
              >
                <svg
                  aria-hidden={true}
                  className="chakra-menu__icon"
                  focusable="false"
                  height="1em"
                  viewBox="0 0 14 14"
                  width="1em"
                >
                  <polygon
                    fill="currentColor"
                    points="5.5 11.9993304 14 3.49933039 12.5 2 5.5 8.99933039 1.5 4.9968652 0 6.49933039"
                  />
                </svg>
              </span>
              <span
                style={
                  Object {
                    "flex": 1,
                  }
                }
              >
                Email
              </span>
            </button>
            <button
              aria-checked={false}
              className="chakra-menu__menuitem-option css-13c7rae"
              id="menu-list-33-menuitem-37"
              onClick={[Function]}
              onMouseEnter={[Function]}
              onMouseLeave={[Function]}
              onMouseMove={[Function]}
              role="menuitemcheckbox"
              tabIndex={0}
              type="button"
              value="phone"
            >
              <span
                className="chakra-menu__icon-wrapper css-g5m2dj"
              >
                <svg
                  aria-hidden={true}
                  className="chakra-menu__icon"
                  focusable="false"
                  height="1em"
                  viewBox="0 0 14 14"
                  width="1em"
                >
                  <polygon
                    fill="currentColor"
                    points="5.5 11.9993304 14 3.49933039 12.5 2 5.5 8.99933039 1.5 4.9968652 0 6.49933039"
                  />
                </svg>
              </span>
              <span
                style={
                  Object {
                    "flex": 1,
                  }
                }
              >
                Phone
              </span>
            </button>
            <button
              aria-checked={false}
              className="chakra-menu__menuitem-option css-13c7rae"
              id="menu-list-33-menuitem-38"
              onClick={[Function]}
              onMouseEnter={[Function]}
              onMouseLeave={[Function]}
              onMouseMove={[Function]}
              role="menuitemcheckbox"
              tabIndex={0}
              type="button"
              value="country"
            >
              <span
                className="chakra-menu__icon-wrapper css-g5m2dj"
              >
                <svg
                  aria-hidden={true}
                  className="chakra-menu__icon"
                  focusable="false"
                  height="1em"
                  viewBox="0 0 14 14"
                  width="1em"
                >
                  <polygon
                    fill="currentColor"
                    points="5.5 11.9993304 14 3.49933039 12.5 2 5.5 8.99933039 1.5 4.9968652 0 6.49933039"
                  />
                </svg>
              </span>
              <span
                style={
                  Object {
                    "flex": 1,
                  }
                }
              >
                Country
              </span>
            </button>
          </div>
        </div>
      </div>
    </div>
    <div>
       
    </div>
    <div>
       
    </div>
  </div>,
  <span />,
]
`;
