// Jest Snapshot v1, https://goo.gl/fbAQLP

exports[`<HorizontalLinearStepper> helloworld <HorizontalLinearStepper /> mount helloworld should work 1`] = `[Function]`;

exports[`<HorizontalLinearStepper> helloworld <HorizontalLinearStepper /> render helloworld should work 1`] = `[Function]`;

exports[`<HorizontalLinearStepper> helloworld <HorizontalLinearStepper /> shallow helloworld should work 1`] = `[Function]`;
