// Jest Snapshot v1, https://goo.gl/fbAQLP

exports[`<RangeSlider> helloworld <RangeSlider /> mount helloworld should work 1`] = `[Function]`;

exports[`<RangeSlider> helloworld <RangeSlider /> render helloworld should work 1`] = `[Function]`;

exports[`<RangeSlider> helloworld <RangeSlider /> shallow helloworld should work 1`] = `[Function]`;
