// Jest Snapshot v1, https://goo.gl/fbAQLP

exports[`<CustomizedTimeline> helloworld <CustomizedTimeline /> mount helloworld should work 1`] = `[Function]`;

exports[`<CustomizedTimeline> helloworld <CustomizedTimeline /> render helloworld should work 1`] = `[Function]`;

exports[`<CustomizedTimeline> helloworld <CustomizedTimeline /> shallow helloworld should work 1`] = `[Function]`;
