// Jest Snapshot v1, https://goo.gl/fbAQLP

exports[`<FixedContainer> helloworld <FixedContainer /> mount helloworld should work 1`] = `[Function]`;

exports[`<FixedContainer> helloworld <FixedContainer /> render helloworld should work 1`] = `[Function]`;

exports[`<FixedContainer> helloworld <FixedContainer /> shallow helloworld should work 1`] = `[Function]`;
