// Jest Snapshot v1, https://goo.gl/fbAQLP

exports[`test badge tryout helloworld 1`] = `
<div>
  UseMediaQueryTryout
  <div>
    Usage 
    <p
      className="chakra-text css-0"
    >
      smaller than 1280px
    </p>
  </div>
  <div>
    Example 
    <p
      className="chakra-text css-0"
    >
      rendering on something else, e.g. PWA
    </p>
  </div>
</div>
`;
