// Jest Snapshot v1, https://goo.gl/fbAQLP

exports[`<FloatingActionButtonZoom> helloworld <FloatingActionButtonZoom /> mount helloworld should work 1`] = `[Function]`;

exports[`<FloatingActionButtonZoom> helloworld <FloatingActionButtonZoom /> render helloworld should work 1`] = `[Function]`;

exports[`<FloatingActionButtonZoom> helloworld <FloatingActionButtonZoom /> shallow helloworld should work 1`] = `[Function]`;
