// Jest Snapshot v1, https://goo.gl/fbAQLP

exports[`<CustomizedRadios> helloworld <CustomizedRadios /> mount helloworld should work 1`] = `[Function]`;

exports[`<CustomizedRadios> helloworld <CustomizedRadios /> render helloworld should work 1`] = `[Function]`;

exports[`<CustomizedRadios> helloworld <CustomizedRadios /> shallow helloworld should work 1`] = `[Function]`;
