// Jest Snapshot v1, https://goo.gl/fbAQLP

exports[`src/components/UTILITY/A11y_Validator helloworld 1`] = `
Object {
  "asFragment": [Function],
  "baseElement": <body>
    <div>
      <span>
        <div
          class=""
        >
          <button
            class=""
            data-baseweb="button"
          >
            add input component
          </button>
          <br />
          <br />
          <div
            aria-hidden="asdf"
          >
            should violate
          </div>
          <br />
          <div>
            should not violate
          </div>
          <br />
          <label
            class=""
            data-baseweb="form-control-label"
          >
            hello
          </label>
          <div
            class=""
            data-baseweb="form-control-container"
          >
            <div
              class=""
              data-baseweb="input"
            >
              <div
                class=""
                data-baseweb="base-input"
              >
                <input
                  aria-invalid="false"
                  aria-required="false"
                  autocomplete="on"
                  class=""
                  inputmode="text"
                  name=""
                  placeholder=""
                  type="text"
                  value=""
                />
              </div>
            </div>
          </div>
        </div>
      </span>
      <div />
    </div>
  </body>,
  "container": <div>
    <span>
      <div
        class=""
      >
        <button
          class=""
          data-baseweb="button"
        >
          add input component
        </button>
        <br />
        <br />
        <div
          aria-hidden="asdf"
        >
          should violate
        </div>
        <br />
        <div>
          should not violate
        </div>
        <br />
        <label
          class=""
          data-baseweb="form-control-label"
        >
          hello
        </label>
        <div
          class=""
          data-baseweb="form-control-container"
        >
          <div
            class=""
            data-baseweb="input"
          >
            <div
              class=""
              data-baseweb="base-input"
            >
              <input
                aria-invalid="false"
                aria-required="false"
                autocomplete="on"
                class=""
                inputmode="text"
                name=""
                placeholder=""
                type="text"
                value=""
              />
            </div>
          </div>
        </div>
      </div>
    </span>
    <div />
  </div>,
  "debug": [Function],
  "findAllByAltText": [Function],
  "findAllByDisplayValue": [Function],
  "findAllByLabelText": [Function],
  "findAllByPlaceholderText": [Function],
  "findAllByRole": [Function],
  "findAllByTestId": [Function],
  "findAllByText": [Function],
  "findAllByTitle": [Function],
  "findByAltText": [Function],
  "findByDisplayValue": [Function],
  "findByLabelText": [Function],
  "findByPlaceholderText": [Function],
  "findByRole": [Function],
  "findByTestId": [Function],
  "findByText": [Function],
  "findByTitle": [Function],
  "getAllByAltText": [Function],
  "getAllByDisplayValue": [Function],
  "getAllByLabelText": [Function],
  "getAllByPlaceholderText": [Function],
  "getAllByRole": [Function],
  "getAllByTestId": [Function],
  "getAllByText": [Function],
  "getAllByTitle": [Function],
  "getByAltText": [Function],
  "getByDisplayValue": [Function],
  "getByLabelText": [Function],
  "getByPlaceholderText": [Function],
  "getByRole": [Function],
  "getByTestId": [Function],
  "getByText": [Function],
  "getByTitle": [Function],
  "queryAllByAltText": [Function],
  "queryAllByDisplayValue": [Function],
  "queryAllByLabelText": [Function],
  "queryAllByPlaceholderText": [Function],
  "queryAllByRole": [Function],
  "queryAllByTestId": [Function],
  "queryAllByText": [Function],
  "queryAllByTitle": [Function],
  "queryByAltText": [Function],
  "queryByDisplayValue": [Function],
  "queryByLabelText": [Function],
  "queryByPlaceholderText": [Function],
  "queryByRole": [Function],
  "queryByTestId": [Function],
  "queryByText": [Function],
  "queryByTitle": [Function],
  "rerender": [Function],
  "unmount": [Function],
}
`;
