// Jest Snapshot v1, https://goo.gl/fbAQLP

exports[`<CircularDeterminate> helloworld <CircularDeterminate /> mount helloworld should work 1`] = `[Function]`;

exports[`<CircularDeterminate> helloworld <CircularDeterminate /> render helloworld should work 1`] = `[Function]`;

exports[`<CircularDeterminate> helloworld <CircularDeterminate /> shallow helloworld should work 1`] = `[Function]`;
