// Jest Snapshot v1, https://goo.gl/fbAQLP

exports[`<TransitionsModal> helloworld <TransitionsModal /> mount helloworld should work 1`] = `[Function]`;

exports[`<TransitionsModal> helloworld <TransitionsModal /> render helloworld should work 1`] = `[Function]`;

exports[`<TransitionsModal> helloworld <TransitionsModal /> shallow helloworld should work 1`] = `[Function]`;
