// Jest Snapshot v1, https://goo.gl/fbAQLP

exports[`<SimpleSlide> helloworld <SimpleSlide /> mount helloworld should work 1`] = `[Function]`;

exports[`<SimpleSlide> helloworld <SimpleSlide /> render helloworld should work 1`] = `[Function]`;

exports[`<SimpleSlide> helloworld <SimpleSlide /> shallow helloworld should work 1`] = `[Function]`;
