// Jest Snapshot v1, https://goo.gl/fbAQLP

exports[`<PopperPopupState> helloworld <PopperPopupState /> mount helloworld should work 1`] = `[Function]`;

exports[`<PopperPopupState> helloworld <PopperPopupState /> render helloworld should work 1`] = `[Function]`;

exports[`<PopperPopupState> helloworld <PopperPopupState /> shallow helloworld should work 1`] = `[Function]`;
