// Jest Snapshot v1, https://goo.gl/fbAQLP

exports[`test badge tryout helloworld 1`] = `
<div>
  SpinnerTryout
  <div>
    Usage 
    <div
      className="chakra-spinner css-1y7joxr"
    >
      <span
        className="css-f8n5zr"
      >
        Loading...
      </span>
    </div>
  </div>
  <div>
    SpinnerWithColor 
    <div
      className="chakra-spinner css-1qug6sg"
    >
      <span
        className="css-f8n5zr"
      >
        Loading...
      </span>
    </div>
  </div>
  <div>
    SpinnerWithDifferentSize 
    <div
      className="chakra-stack css-1ss2m3q"
    >
      <div
        className="chakra-spinner css-1y7joxr"
      >
        <span
          className="css-f8n5zr"
        >
          Loading...
        </span>
      </div>
      <div
        className="chakra-spinner css-1y7joxr"
      >
        <span
          className="css-f8n5zr"
        >
          Loading...
        </span>
      </div>
      <div
        className="chakra-spinner css-1y7joxr"
      >
        <span
          className="css-f8n5zr"
        >
          Loading...
        </span>
      </div>
      <div
        className="chakra-spinner css-1y7joxr"
      >
        <span
          className="css-f8n5zr"
        >
          Loading...
        </span>
      </div>
      <div
        className="chakra-spinner css-1y7joxr"
      >
        <span
          className="css-f8n5zr"
        >
          Loading...
        </span>
      </div>
    </div>
  </div>
  <div>
    SpinnerWithEmptyAreaColor 
    <div
      className="chakra-spinner css-u4uvb9"
    >
      <span
        className="css-f8n5zr"
      >
        Loading...
      </span>
    </div>
  </div>
</div>
`;
