// Jest Snapshot v1, https://goo.gl/fbAQLP

exports[`test UsingFieldsAsAOneTimePassword tryout helloworld 1`] = `
Array [
  <input
    aria-label="Please enter your pin code"
    autoComplete="one-time-code"
    className="chakra-pin-input css-17u1q9k"
    id="pin-input-1--1"
    inputMode="numeric"
    onBlur={[Function]}
    onChange={[Function]}
    onFocus={[Function]}
    onKeyDown={[Function]}
    placeholder=""
    type="tel"
    value=""
  />,
  <input
    aria-label="Please enter your pin code"
    autoComplete="one-time-code"
    className="chakra-pin-input css-17u1q9k"
    id="pin-input-1--1"
    inputMode="numeric"
    onBlur={[Function]}
    onChange={[Function]}
    onFocus={[Function]}
    onKeyDown={[Function]}
    placeholder=""
    type="tel"
    value=""
  />,
  <input
    aria-label="Please enter your pin code"
    autoComplete="one-time-code"
    className="chakra-pin-input css-17u1q9k"
    id="pin-input-1--1"
    inputMode="numeric"
    onBlur={[Function]}
    onChange={[Function]}
    onFocus={[Function]}
    onKeyDown={[Function]}
    placeholder=""
    type="tel"
    value=""
  />,
  <input
    aria-label="Please enter your pin code"
    autoComplete="one-time-code"
    className="chakra-pin-input css-17u1q9k"
    id="pin-input-1--1"
    inputMode="numeric"
    onBlur={[Function]}
    onChange={[Function]}
    onFocus={[Function]}
    onKeyDown={[Function]}
    placeholder=""
    type="tel"
    value=""
  />,
  <span />,
]
`;
