// Jest Snapshot v1, https://goo.gl/fbAQLP

exports[`<DetailedAccordion> helloworld <DetailedAccordion /> mount helloworld should work 1`] = `[Function]`;

exports[`<DetailedAccordion> helloworld <DetailedAccordion /> render helloworld should work 1`] = `[Function]`;

exports[`<DetailedAccordion> helloworld <DetailedAccordion /> shallow helloworld should work 1`] = `[Function]`;
