// Jest Snapshot v1, https://goo.gl/fbAQLP

exports[`<ListDividers> helloworld <ListDividers /> mount helloworld should work 1`] = `[Function]`;

exports[`<ListDividers> helloworld <ListDividers /> render helloworld should work 1`] = `[Function]`;

exports[`<ListDividers> helloworld <ListDividers /> shallow helloworld should work 1`] = `[Function]`;
